{
  "seed": 20260913,
  "N": 50000,
  "d": 48,
  "M": 128,
  "k": 3,
  "generated_samples": 128,
  "sliced_w1": 1817.9246826171875,
  "target_split_sliced_w1": 0.07527601718902588,
  "ratio_to_mc_floor": 24150.117799832453,
  "seconds": 12.948002815246582,
  "wrong_bases": false,
  "backend": "numpy-float32-streaming CPU",
  "device": "local CPU",
  "classification": "non-toy full-paper d/M/k/N cell",
  "schedule": {
    "T": 10.819778284410283,
    "tau": 0.0007368062997280776,
    "steps": 16,
    "dt": 0.6761900923819097
  }
}
