== evidence/claim1_attempt1/SHA256SUMS
evidence/claim1_attempt1/theorem_rate_excerpts.tex: OK
outputs/claim1_attempt1/result.json: OK
outputs/claim1_attempt1_audit.md: OK
== evidence/claim2_attempt1/SHA256SUMS
evidence/claim2_attempt1/theorem1_excerpt.tex: OK
outputs/claim2_attempt1/result.json: OK
== evidence/claim3_attempt1/SHA256SUMS
evidence/claim3_attempt1/problem_formulation_excerpt.tex: OK
outputs/claim3_attempt1/result.json: OK
outputs/claim3_attempt1/run.log: OK
== evidence/claim4_attempt1/SHA256SUMS
evidence/claim4_attempt1/regularity_excerpts.tex: OK
outputs/claim4_attempt1/result.json: OK
== evidence/claim5_attempt1/SHA256SUMS
evidence/claim5_attempt1/prior_rate_excerpt.tex: OK
outputs/claim5_attempt1/result.json: OK
== evidence/source/SHA256SUMS
evidence/source/arxiv_source.tar: OK
evidence/source/paper.pdf: OK
